{"level":"info","message":"[Redis] Connected to localhost:6379","timestamp":"08-18 12:07:29"}
{"level":"info","message":"✅ Prisma connected to PostgreSQL","timestamp":"08-18 12:07:29"}
{"level":"info","message":"✅ Server running on port 5000","timestamp":"08-18 12:07:29"}
{"level":"info","message":"GET /.well-known/appspecific/com.chrome.devtools.json","timestamp":"08-18 12:08:56"}
{"level":"info","message":"[Redis] Connected to localhost:6379","timestamp":"08-19 09:01:09"}
{"level":"info","message":"✅ Prisma connected to PostgreSQL","timestamp":"08-19 09:01:09"}
{"level":"info","message":"[Redis] Connected to localhost:6379","timestamp":"08-19 18:17:45"}
{"level":"info","message":"✅ Prisma connected to PostgreSQL","timestamp":"08-19 18:17:45"}
{"level":"info","message":"✅ Server running on port 5000","timestamp":"08-19 18:17:45"}
{"level":"info","message":"[Redis] Connected to localhost:6379","timestamp":"08-19 18:54:32"}
{"level":"info","message":"✅ Prisma connected to PostgreSQL","timestamp":"08-19 18:54:32"}
{"level":"info","message":"✅ Server running on port 5000","timestamp":"08-19 18:54:32"}
{"level":"info","message":"POST /auth/signup","timestamp":"08-19 18:54:53"}
{"email":"xihafal976@hosintoy.com","level":"warn","message":"User already exists during sign up","timestamp":"08-19 18:54:53"}
{"level":"error","message":"HttpError 409: User already exists","timestamp":"08-19 18:54:53"}
{"level":"error","message":"Error: User already exists | Status: 409","timestamp":"08-19 18:54:53"}
{"level":"info","message":"POST /auth/login","timestamp":"08-19 18:55:02"}
{"level":"info","message":"Cache set for key: refreshToken:4 with TTL: 2592000","timestamp":"08-19 18:55:02"}
{"level":"info","message":"✅ Prisma connected to PostgreSQL","timestamp":"08-19 19:00:56"}
{"level":"info","message":"✅ Server running on port 5000","timestamp":"08-19 19:00:56"}
{"level":"info","message":"[Redis] Connected to localhost:6379","timestamp":"08-19 19:00:56"}
{"level":"info","message":"[Redis] Connected to localhost:6379","timestamp":"08-19 19:01:25"}
{"level":"info","message":"✅ Prisma connected to PostgreSQL","timestamp":"08-19 19:01:25"}
{"level":"info","message":"✅ Server running on port 5000","timestamp":"08-19 19:01:25"}
{"level":"info","message":"POST /auth/signup","timestamp":"08-19 19:01:34"}
{"email":"xihafal976@hosintoy.com","level":"warn","message":"User already exists during sign up","timestamp":"08-19 19:01:34"}
{"level":"error","message":"HttpError 409: User already exists","timestamp":"08-19 19:01:34"}
{"level":"error","message":"Error: User already exists | Status: 409","timestamp":"08-19 19:01:34"}
{"level":"info","message":"POST /auth/login","timestamp":"08-19 19:01:48"}
{"level":"info","message":"Token generated for user","timestamp":"08-19 19:01:48","userId":4}
{"level":"info","message":"Refresh token generated for user","timestamp":"08-19 19:01:48","userId":4}
{"level":"info","message":"Cache set for key: refreshToken:4 with TTL: 2592000","timestamp":"08-19 19:01:48"}
{"level":"info","message":"Refresh token stored in Redis","timestamp":"08-19 19:01:48","userId":4}
{"level":"info","message":"Access token set in cookies for user","timestamp":"08-19 19:01:48","userId":4}
{"level":"info","message":"Refresh token set in cookies for user","timestamp":"08-19 19:01:48","userId":4}
{"level":"info","message":"User logged in","timestamp":"08-19 19:01:48","userId":4}
{"code":"ERR_SOCKET_BAD_PORT","level":"error","message":"[Redis] Connection error: Port should be >= 0 and < 65536. Received type number (NaN).","stack":"RangeError [ERR_SOCKET_BAD_PORT]: Port should be >= 0 and < 65536. Received type number (NaN).\n    at lookupAndConnect (node:net:1301:5)\n    at Socket.connect (node:net:1258:5)\n    at connect (node:net:242:17)\n    at C:\\Users\\Phoenix\\Documents\\GitHub\\dogood-backend\\node_modules\\ioredis\\built\\connectors\\StandaloneConnector.js:54:66\n    at process.processTicksAndRejections (node:internal/process/task_queues:85:11)","timestamp":"08-23 22:03:52"}
{"clientVersion":"6.10.1","errorCode":"P1001","level":"error","message":"❌ Prisma connection error Can't reach database server at `localhost:5432`\n\nPlease make sure your database server is running at `localhost:5432`.","name":"PrismaClientInitializationError","stack":"PrismaClientInitializationError: Can't reach database server at `localhost:5432`\n\nPlease make sure your database server is running at `localhost:5432`.\n    at r (C:\\Users\\Phoenix\\Documents\\GitHub\\dogood-backend\\node_modules\\@prisma\\client\\runtime\\library.js:112:2565)\n    at async connectDB (C:\\Users\\Phoenix\\Documents\\GitHub\\dogood-backend\\src\\config\\prisma.ts:8:5)\n    at async startServer (C:\\Users\\Phoenix\\Documents\\GitHub\\dogood-backend\\src\\index.ts:12:5)","timestamp":"08-23 22:03:56"}
